Archive member included because of file (symbol)

d:/embedded systems diploma/imt es diploma/00-tools/03-imt sdk/03- imt sdk/imt_sdk_win_64/imt_sdk_win_64/winavr/bin/../lib/gcc/avr/4.3.3/avr5\libgcc.a(_udivmodhi4.o)
                              ./TIMER_program.o (__udivmodhi4)
d:/embedded systems diploma/imt es diploma/00-tools/03-imt sdk/03- imt sdk/imt_sdk_win_64/imt_sdk_win_64/winavr/bin/../lib/gcc/avr/4.3.3/avr5\libgcc.a(_divmodhi4.o)
                              ./TIMER_program.o (__divmodhi4)
d:/embedded systems diploma/imt es diploma/00-tools/03-imt sdk/03- imt sdk/imt_sdk_win_64/imt_sdk_win_64/winavr/bin/../lib/gcc/avr/4.3.3/avr5\libgcc.a(_udivmodsi4.o)
                              ./CLCD_program.o (__udivmodsi4)
d:/embedded systems diploma/imt es diploma/00-tools/03-imt sdk/03- imt sdk/imt_sdk_win_64/imt_sdk_win_64/winavr/bin/../lib/gcc/avr/4.3.3/avr5\libgcc.a(_exit.o)
                              d:/embedded systems diploma/imt es diploma/00-tools/03-imt sdk/03- imt sdk/imt_sdk_win_64/imt_sdk_win_64/winavr/bin/../lib/gcc/avr/4.3.3/../../../../avr/lib/avr5/crtm16.o (exit)
d:/embedded systems diploma/imt es diploma/00-tools/03-imt sdk/03- imt sdk/imt_sdk_win_64/imt_sdk_win_64/winavr/bin/../lib/gcc/avr/4.3.3/avr5\libgcc.a(_copy_data.o)
                              ./main.o (__do_copy_data)
d:/embedded systems diploma/imt es diploma/00-tools/03-imt sdk/03- imt sdk/imt_sdk_win_64/imt_sdk_win_64/winavr/bin/../lib/gcc/avr/4.3.3/avr5\libgcc.a(_clear_bss.o)
                              ./ADC_program.o (__do_clear_bss)
d:/embedded systems diploma/imt es diploma/00-tools/03-imt sdk/03- imt sdk/imt_sdk_win_64/imt_sdk_win_64/winavr/bin/../lib/gcc/avr/4.3.3/avr5\libgcc.a(_fixunssfsi.o)
                              ./CLCD_program.o (__fixunssfsi)
d:/embedded systems diploma/imt es diploma/00-tools/03-imt sdk/03- imt sdk/imt_sdk_win_64/imt_sdk_win_64/winavr/bin/../lib/gcc/avr/4.3.3/avr5\libgcc.a(_addsub_sf.o)
                              d:/embedded systems diploma/imt es diploma/00-tools/03-imt sdk/03- imt sdk/imt_sdk_win_64/imt_sdk_win_64/winavr/bin/../lib/gcc/avr/4.3.3/avr5\libgcc.a(_fixunssfsi.o) (__subsf3)
d:/embedded systems diploma/imt es diploma/00-tools/03-imt sdk/03- imt sdk/imt_sdk_win_64/imt_sdk_win_64/winavr/bin/../lib/gcc/avr/4.3.3/avr5\libgcc.a(_mul_sf.o)
                              ./CLCD_program.o (__mulsf3)
d:/embedded systems diploma/imt es diploma/00-tools/03-imt sdk/03- imt sdk/imt_sdk_win_64/imt_sdk_win_64/winavr/bin/../lib/gcc/avr/4.3.3/avr5\libgcc.a(_div_sf.o)
                              ./LM35_program.o (__divsf3)
d:/embedded systems diploma/imt es diploma/00-tools/03-imt sdk/03- imt sdk/imt_sdk_win_64/imt_sdk_win_64/winavr/bin/../lib/gcc/avr/4.3.3/avr5\libgcc.a(_gt_sf.o)
                              ./CLCD_program.o (__gtsf2)
d:/embedded systems diploma/imt es diploma/00-tools/03-imt sdk/03- imt sdk/imt_sdk_win_64/imt_sdk_win_64/winavr/bin/../lib/gcc/avr/4.3.3/avr5\libgcc.a(_ge_sf.o)
                              d:/embedded systems diploma/imt es diploma/00-tools/03-imt sdk/03- imt sdk/imt_sdk_win_64/imt_sdk_win_64/winavr/bin/../lib/gcc/avr/4.3.3/avr5\libgcc.a(_fixunssfsi.o) (__gesf2)
d:/embedded systems diploma/imt es diploma/00-tools/03-imt sdk/03- imt sdk/imt_sdk_win_64/imt_sdk_win_64/winavr/bin/../lib/gcc/avr/4.3.3/avr5\libgcc.a(_lt_sf.o)
                              ./CLCD_program.o (__ltsf2)
d:/embedded systems diploma/imt es diploma/00-tools/03-imt sdk/03- imt sdk/imt_sdk_win_64/imt_sdk_win_64/winavr/bin/../lib/gcc/avr/4.3.3/avr5\libgcc.a(_sf_to_si.o)
                              d:/embedded systems diploma/imt es diploma/00-tools/03-imt sdk/03- imt sdk/imt_sdk_win_64/imt_sdk_win_64/winavr/bin/../lib/gcc/avr/4.3.3/avr5\libgcc.a(_fixunssfsi.o) (__fixsfsi)
d:/embedded systems diploma/imt es diploma/00-tools/03-imt sdk/03- imt sdk/imt_sdk_win_64/imt_sdk_win_64/winavr/bin/../lib/gcc/avr/4.3.3/avr5\libgcc.a(_thenan_sf.o)
                              d:/embedded systems diploma/imt es diploma/00-tools/03-imt sdk/03- imt sdk/imt_sdk_win_64/imt_sdk_win_64/winavr/bin/../lib/gcc/avr/4.3.3/avr5\libgcc.a(_addsub_sf.o) (__thenan_sf)
d:/embedded systems diploma/imt es diploma/00-tools/03-imt sdk/03- imt sdk/imt_sdk_win_64/imt_sdk_win_64/winavr/bin/../lib/gcc/avr/4.3.3/avr5\libgcc.a(_usi_to_sf.o)
                              ./DCM_program.o (__floatunsisf)
d:/embedded systems diploma/imt es diploma/00-tools/03-imt sdk/03- imt sdk/imt_sdk_win_64/imt_sdk_win_64/winavr/bin/../lib/gcc/avr/4.3.3/avr5\libgcc.a(_prologue.o)
                              d:/embedded systems diploma/imt es diploma/00-tools/03-imt sdk/03- imt sdk/imt_sdk_win_64/imt_sdk_win_64/winavr/bin/../lib/gcc/avr/4.3.3/avr5\libgcc.a(_addsub_sf.o) (__prologue_saves__)
d:/embedded systems diploma/imt es diploma/00-tools/03-imt sdk/03- imt sdk/imt_sdk_win_64/imt_sdk_win_64/winavr/bin/../lib/gcc/avr/4.3.3/avr5\libgcc.a(_epilogue.o)
                              d:/embedded systems diploma/imt es diploma/00-tools/03-imt sdk/03- imt sdk/imt_sdk_win_64/imt_sdk_win_64/winavr/bin/../lib/gcc/avr/4.3.3/avr5\libgcc.a(_addsub_sf.o) (__epilogue_restores__)
d:/embedded systems diploma/imt es diploma/00-tools/03-imt sdk/03- imt sdk/imt_sdk_win_64/imt_sdk_win_64/winavr/bin/../lib/gcc/avr/4.3.3/avr5\libgcc.a(_clzsi2.o)
                              d:/embedded systems diploma/imt es diploma/00-tools/03-imt sdk/03- imt sdk/imt_sdk_win_64/imt_sdk_win_64/winavr/bin/../lib/gcc/avr/4.3.3/avr5\libgcc.a(_usi_to_sf.o) (__clzsi2)
d:/embedded systems diploma/imt es diploma/00-tools/03-imt sdk/03- imt sdk/imt_sdk_win_64/imt_sdk_win_64/winavr/bin/../lib/gcc/avr/4.3.3/avr5\libgcc.a(_pack_sf.o)
                              d:/embedded systems diploma/imt es diploma/00-tools/03-imt sdk/03- imt sdk/imt_sdk_win_64/imt_sdk_win_64/winavr/bin/../lib/gcc/avr/4.3.3/avr5\libgcc.a(_addsub_sf.o) (__pack_f)
d:/embedded systems diploma/imt es diploma/00-tools/03-imt sdk/03- imt sdk/imt_sdk_win_64/imt_sdk_win_64/winavr/bin/../lib/gcc/avr/4.3.3/avr5\libgcc.a(_unpack_sf.o)
                              d:/embedded systems diploma/imt es diploma/00-tools/03-imt sdk/03- imt sdk/imt_sdk_win_64/imt_sdk_win_64/winavr/bin/../lib/gcc/avr/4.3.3/avr5\libgcc.a(_addsub_sf.o) (__unpack_f)
d:/embedded systems diploma/imt es diploma/00-tools/03-imt sdk/03- imt sdk/imt_sdk_win_64/imt_sdk_win_64/winavr/bin/../lib/gcc/avr/4.3.3/avr5\libgcc.a(_fpcmp_parts_sf.o)
                              d:/embedded systems diploma/imt es diploma/00-tools/03-imt sdk/03- imt sdk/imt_sdk_win_64/imt_sdk_win_64/winavr/bin/../lib/gcc/avr/4.3.3/avr5\libgcc.a(_gt_sf.o) (__fpcmp_parts_f)
d:/embedded systems diploma/imt es diploma/00-tools/03-imt sdk/03- imt sdk/imt_sdk_win_64/imt_sdk_win_64/winavr/bin/../lib/gcc/avr/4.3.3/avr5\libgcc.a(_clz.o)
                              d:/embedded systems diploma/imt es diploma/00-tools/03-imt sdk/03- imt sdk/imt_sdk_win_64/imt_sdk_win_64/winavr/bin/../lib/gcc/avr/4.3.3/avr5\libgcc.a(_clzsi2.o) (__clz_tab)
d:/embedded systems diploma/imt es diploma/00-tools/03-imt sdk/03- imt sdk/imt_sdk_win_64/imt_sdk_win_64/winavr/bin/../lib/gcc/avr/4.3.3/../../../../avr/lib/avr5\libc.a(itoa.o)
                              ./CLCD_program.o (itoa)
d:/embedded systems diploma/imt es diploma/00-tools/03-imt sdk/03- imt sdk/imt_sdk_win_64/imt_sdk_win_64/winavr/bin/../lib/gcc/avr/4.3.3/../../../../avr/lib/avr5\libc.a(strrev.o)
                              d:/embedded systems diploma/imt es diploma/00-tools/03-imt sdk/03- imt sdk/imt_sdk_win_64/imt_sdk_win_64/winavr/bin/../lib/gcc/avr/4.3.3/../../../../avr/lib/avr5\libc.a(itoa.o) (strrev)

Allocating common symbols
Common symbol       size              file

TIMER1_u8MODEPWM    0x1               ./TIMER_program.o
TIMER0_f32PreloodValue
                    0x4               ./TIMER_program.o
TIMER0_f32OVCounterTmp
                    0x4               ./TIMER_program.o
TIMER0_u16Prescaller
                    0x4               ./TIMER_program.o
TIMER2_f32OVCounter
                    0x4               ./TIMER_program.o
TIMER2_u16Prescaller
                    0x4               ./TIMER_program.o
TIMER0_f32CounterCTC
                    0x4               ./TIMER_program.o
TIMER2_f32CounterCTC
                    0x4               ./TIMER_program.o
TIMER2_f32PreloodValue
                    0x4               ./TIMER_program.o

Memory Configuration

Name             Origin             Length             Attributes
text             0x00000000         0x00020000         xr
data             0x00800060         0x0000ffa0         rw !x
eeprom           0x00810000         0x00010000         rw !x
fuse             0x00820000         0x00000400         rw !x
lock             0x00830000         0x00000400         rw !x
signature        0x00840000         0x00000400         rw !x
*default*        0x00000000         0xffffffff

Linker script and memory map

LOAD d:/embedded systems diploma/imt es diploma/00-tools/03-imt sdk/03- imt sdk/imt_sdk_win_64/imt_sdk_win_64/winavr/bin/../lib/gcc/avr/4.3.3/../../../../avr/lib/avr5/crtm16.o
LOAD ./ADC_program.o
LOAD ./CLCD_program.o
LOAD ./DCM_program.o
LOAD ./DIO_program.o
LOAD ./LM35_program.o
LOAD ./TIMER_program.o
LOAD ./main.o
LOAD d:/embedded systems diploma/imt es diploma/00-tools/03-imt sdk/03- imt sdk/imt_sdk_win_64/imt_sdk_win_64/winavr/bin/../lib/gcc/avr/4.3.3/avr5\libgcc.a
LOAD d:/embedded systems diploma/imt es diploma/00-tools/03-imt sdk/03- imt sdk/imt_sdk_win_64/imt_sdk_win_64/winavr/bin/../lib/gcc/avr/4.3.3/../../../../avr/lib/avr5\libc.a
LOAD d:/embedded systems diploma/imt es diploma/00-tools/03-imt sdk/03- imt sdk/imt_sdk_win_64/imt_sdk_win_64/winavr/bin/../lib/gcc/avr/4.3.3/avr5\libgcc.a

.hash
 *(.hash)

.dynsym
 *(.dynsym)

.dynstr
 *(.dynstr)

.gnu.version
 *(.gnu.version)

.gnu.version_d
 *(.gnu.version_d)

.gnu.version_r
 *(.gnu.version_r)

.rel.init
 *(.rel.init)

.rela.init
 *(.rela.init)

.rel.text
 *(.rel.text)
 *(.rel.text.*)
 *(.rel.gnu.linkonce.t*)

.rela.text
 *(.rela.text)
 *(.rela.text.*)
 *(.rela.gnu.linkonce.t*)

.rel.fini
 *(.rel.fini)

.rela.fini
 *(.rela.fini)

.rel.rodata
 *(.rel.rodata)
 *(.rel.rodata.*)
 *(.rel.gnu.linkonce.r*)

.rela.rodata
 *(.rela.rodata)
 *(.rela.rodata.*)
 *(.rela.gnu.linkonce.r*)

.rel.data
 *(.rel.data)
 *(.rel.data.*)
 *(.rel.gnu.linkonce.d*)

.rela.data
 *(.rela.data)
 *(.rela.data.*)
 *(.rela.gnu.linkonce.d*)

.rel.ctors
 *(.rel.ctors)

.rela.ctors
 *(.rela.ctors)

.rel.dtors
 *(.rel.dtors)

.rela.dtors
 *(.rela.dtors)

.rel.got
 *(.rel.got)

.rela.got
 *(.rela.got)

.rel.bss
 *(.rel.bss)

.rela.bss
 *(.rela.bss)

.rel.plt
 *(.rel.plt)

.rela.plt
 *(.rela.plt)

.text           0x00000000     0x47a0
 *(.vectors)
 .vectors       0x00000000       0x54 d:/embedded systems diploma/imt es diploma/00-tools/03-imt sdk/03- imt sdk/imt_sdk_win_64/imt_sdk_win_64/winavr/bin/../lib/gcc/avr/4.3.3/../../../../avr/lib/avr5/crtm16.o
                0x00000000                __vectors
                0x00000000                __vector_default
 *(.vectors)
 *(.progmem.gcc*)
 *(.progmem*)
                0x00000054                . = ALIGN (0x2)
                0x00000054                __trampolines_start = .
 *(.trampolines)
 .trampolines   0x00000054        0x0 linker stubs
 *(.trampolines*)
                0x00000054                __trampolines_end = .
 *(.jumptables)
 *(.jumptables*)
 *(.lowtext)
 *(.lowtext*)
                0x00000054                __ctors_start = .
 *(.ctors)
                0x00000054                __ctors_end = .
                0x00000054                __dtors_start = .
 *(.dtors)
                0x00000054                __dtors_end = .
 SORT(*)(.ctors)
 SORT(*)(.dtors)
 *(.init0)
 .init0         0x00000054        0x0 d:/embedded systems diploma/imt es diploma/00-tools/03-imt sdk/03- imt sdk/imt_sdk_win_64/imt_sdk_win_64/winavr/bin/../lib/gcc/avr/4.3.3/../../../../avr/lib/avr5/crtm16.o
                0x00000054                __init
 *(.init0)
 *(.init1)
 *(.init1)
 *(.init2)
 .init2         0x00000054        0xc d:/embedded systems diploma/imt es diploma/00-tools/03-imt sdk/03- imt sdk/imt_sdk_win_64/imt_sdk_win_64/winavr/bin/../lib/gcc/avr/4.3.3/../../../../avr/lib/avr5/crtm16.o
 *(.init2)
 *(.init3)
 *(.init3)
 *(.init4)
 .init4         0x00000060       0x16 d:/embedded systems diploma/imt es diploma/00-tools/03-imt sdk/03- imt sdk/imt_sdk_win_64/imt_sdk_win_64/winavr/bin/../lib/gcc/avr/4.3.3/avr5\libgcc.a(_copy_data.o)
                0x00000060                __do_copy_data
 .init4         0x00000076       0x10 d:/embedded systems diploma/imt es diploma/00-tools/03-imt sdk/03- imt sdk/imt_sdk_win_64/imt_sdk_win_64/winavr/bin/../lib/gcc/avr/4.3.3/avr5\libgcc.a(_clear_bss.o)
                0x00000076                __do_clear_bss
 *(.init4)
 *(.init5)
 *(.init5)
 *(.init6)
 *(.init6)
 *(.init7)
 *(.init7)
 *(.init8)
 *(.init8)
 *(.init9)
 .init9         0x00000086        0x8 d:/embedded systems diploma/imt es diploma/00-tools/03-imt sdk/03- imt sdk/imt_sdk_win_64/imt_sdk_win_64/winavr/bin/../lib/gcc/avr/4.3.3/../../../../avr/lib/avr5/crtm16.o
 *(.init9)
 *(.text)
 .text          0x0000008e        0x4 d:/embedded systems diploma/imt es diploma/00-tools/03-imt sdk/03- imt sdk/imt_sdk_win_64/imt_sdk_win_64/winavr/bin/../lib/gcc/avr/4.3.3/../../../../avr/lib/avr5/crtm16.o
                0x0000008e                __vector_1
                0x0000008e                __vector_12
                0x0000008e                __bad_interrupt
                0x0000008e                __vector_13
                0x0000008e                __vector_17
                0x0000008e                __vector_19
                0x0000008e                __vector_7
                0x0000008e                __vector_9
                0x0000008e                __vector_2
                0x0000008e                __vector_15
                0x0000008e                __vector_8
                0x0000008e                __vector_14
                0x0000008e                __vector_18
                0x0000008e                __vector_20
 .text          0x00000092        0x0 ./ADC_program.o
 .text          0x00000092        0x0 ./CLCD_program.o
 .text          0x00000092        0x0 ./DCM_program.o
 .text          0x00000092        0x0 ./DIO_program.o
 .text          0x00000092        0x0 ./LM35_program.o
 .text          0x00000092        0x0 ./TIMER_program.o
 .text          0x00000092        0x0 ./main.o
 .text          0x00000092        0x0 d:/embedded systems diploma/imt es diploma/00-tools/03-imt sdk/03- imt sdk/imt_sdk_win_64/imt_sdk_win_64/winavr/bin/../lib/gcc/avr/4.3.3/avr5\libgcc.a(_udivmodhi4.o)
 .text          0x00000092        0x0 d:/embedded systems diploma/imt es diploma/00-tools/03-imt sdk/03- imt sdk/imt_sdk_win_64/imt_sdk_win_64/winavr/bin/../lib/gcc/avr/4.3.3/avr5\libgcc.a(_divmodhi4.o)
 .text          0x00000092        0x0 d:/embedded systems diploma/imt es diploma/00-tools/03-imt sdk/03- imt sdk/imt_sdk_win_64/imt_sdk_win_64/winavr/bin/../lib/gcc/avr/4.3.3/avr5\libgcc.a(_udivmodsi4.o)
 .text          0x00000092        0x0 d:/embedded systems diploma/imt es diploma/00-tools/03-imt sdk/03- imt sdk/imt_sdk_win_64/imt_sdk_win_64/winavr/bin/../lib/gcc/avr/4.3.3/avr5\libgcc.a(_exit.o)
 .text          0x00000092        0x0 d:/embedded systems diploma/imt es diploma/00-tools/03-imt sdk/03- imt sdk/imt_sdk_win_64/imt_sdk_win_64/winavr/bin/../lib/gcc/avr/4.3.3/avr5\libgcc.a(_copy_data.o)
 .text          0x00000092        0x0 d:/embedded systems diploma/imt es diploma/00-tools/03-imt sdk/03- imt sdk/imt_sdk_win_64/imt_sdk_win_64/winavr/bin/../lib/gcc/avr/4.3.3/avr5\libgcc.a(_clear_bss.o)
 .text          0x00000092       0x58 d:/embedded systems diploma/imt es diploma/00-tools/03-imt sdk/03- imt sdk/imt_sdk_win_64/imt_sdk_win_64/winavr/bin/../lib/gcc/avr/4.3.3/avr5\libgcc.a(_fixunssfsi.o)
                0x00000092                __fixunssfsi
 .text          0x000000ea      0x354 d:/embedded systems diploma/imt es diploma/00-tools/03-imt sdk/03- imt sdk/imt_sdk_win_64/imt_sdk_win_64/winavr/bin/../lib/gcc/avr/4.3.3/avr5\libgcc.a(_addsub_sf.o)
                0x00000382                __subsf3
                0x000003e4                __addsf3
 .text          0x0000043e      0x1f4 d:/embedded systems diploma/imt es diploma/00-tools/03-imt sdk/03- imt sdk/imt_sdk_win_64/imt_sdk_win_64/winavr/bin/../lib/gcc/avr/4.3.3/avr5\libgcc.a(_mul_sf.o)
                0x0000043e                __mulsf3
 .text          0x00000632      0x158 d:/embedded systems diploma/imt es diploma/00-tools/03-imt sdk/03- imt sdk/imt_sdk_win_64/imt_sdk_win_64/winavr/bin/../lib/gcc/avr/4.3.3/avr5\libgcc.a(_div_sf.o)
                0x00000632                __divsf3
 .text          0x0000078a       0x60 d:/embedded systems diploma/imt es diploma/00-tools/03-imt sdk/03- imt sdk/imt_sdk_win_64/imt_sdk_win_64/winavr/bin/../lib/gcc/avr/4.3.3/avr5\libgcc.a(_gt_sf.o)
                0x0000078a                __gtsf2
 .text          0x000007ea       0x60 d:/embedded systems diploma/imt es diploma/00-tools/03-imt sdk/03- imt sdk/imt_sdk_win_64/imt_sdk_win_64/winavr/bin/../lib/gcc/avr/4.3.3/avr5\libgcc.a(_ge_sf.o)
                0x000007ea                __gesf2
 .text          0x0000084a       0x60 d:/embedded systems diploma/imt es diploma/00-tools/03-imt sdk/03- imt sdk/imt_sdk_win_64/imt_sdk_win_64/winavr/bin/../lib/gcc/avr/4.3.3/avr5\libgcc.a(_lt_sf.o)
                0x0000084a                __ltsf2
 .text          0x000008aa       0xa8 d:/embedded systems diploma/imt es diploma/00-tools/03-imt sdk/03- imt sdk/imt_sdk_win_64/imt_sdk_win_64/winavr/bin/../lib/gcc/avr/4.3.3/avr5\libgcc.a(_sf_to_si.o)
                0x000008aa                __fixsfsi
 .text          0x00000952        0x0 d:/embedded systems diploma/imt es diploma/00-tools/03-imt sdk/03- imt sdk/imt_sdk_win_64/imt_sdk_win_64/winavr/bin/../lib/gcc/avr/4.3.3/avr5\libgcc.a(_thenan_sf.o)
 .text          0x00000952       0xf2 d:/embedded systems diploma/imt es diploma/00-tools/03-imt sdk/03- imt sdk/imt_sdk_win_64/imt_sdk_win_64/winavr/bin/../lib/gcc/avr/4.3.3/avr5\libgcc.a(_usi_to_sf.o)
                0x00000952                __floatunsisf
 .text          0x00000a44        0x0 d:/embedded systems diploma/imt es diploma/00-tools/03-imt sdk/03- imt sdk/imt_sdk_win_64/imt_sdk_win_64/winavr/bin/../lib/gcc/avr/4.3.3/avr5\libgcc.a(_prologue.o)
 .text          0x00000a44        0x0 d:/embedded systems diploma/imt es diploma/00-tools/03-imt sdk/03- imt sdk/imt_sdk_win_64/imt_sdk_win_64/winavr/bin/../lib/gcc/avr/4.3.3/avr5\libgcc.a(_epilogue.o)
 .text          0x00000a44       0x9e d:/embedded systems diploma/imt es diploma/00-tools/03-imt sdk/03- imt sdk/imt_sdk_win_64/imt_sdk_win_64/winavr/bin/../lib/gcc/avr/4.3.3/avr5\libgcc.a(_clzsi2.o)
                0x00000a44                __clzsi2
 .text          0x00000ae2      0x1aa d:/embedded systems diploma/imt es diploma/00-tools/03-imt sdk/03- imt sdk/imt_sdk_win_64/imt_sdk_win_64/winavr/bin/../lib/gcc/avr/4.3.3/avr5\libgcc.a(_pack_sf.o)
                0x00000ae2                __pack_f
 .text          0x00000c8c       0xf0 d:/embedded systems diploma/imt es diploma/00-tools/03-imt sdk/03- imt sdk/imt_sdk_win_64/imt_sdk_win_64/winavr/bin/../lib/gcc/avr/4.3.3/avr5\libgcc.a(_unpack_sf.o)
                0x00000c8c                __unpack_f
 .text          0x00000d7c       0xb2 d:/embedded systems diploma/imt es diploma/00-tools/03-imt sdk/03- imt sdk/imt_sdk_win_64/imt_sdk_win_64/winavr/bin/../lib/gcc/avr/4.3.3/avr5\libgcc.a(_fpcmp_parts_sf.o)
                0x00000d7c                __fpcmp_parts_f
 .text          0x00000e2e        0x0 d:/embedded systems diploma/imt es diploma/00-tools/03-imt sdk/03- imt sdk/imt_sdk_win_64/imt_sdk_win_64/winavr/bin/../lib/gcc/avr/4.3.3/avr5\libgcc.a(_clz.o)
 .text          0x00000e2e        0x0 d:/embedded systems diploma/imt es diploma/00-tools/03-imt sdk/03- imt sdk/imt_sdk_win_64/imt_sdk_win_64/winavr/bin/../lib/gcc/avr/4.3.3/../../../../avr/lib/avr5\libc.a(itoa.o)
 .text          0x00000e2e        0x0 d:/embedded systems diploma/imt es diploma/00-tools/03-imt sdk/03- imt sdk/imt_sdk_win_64/imt_sdk_win_64/winavr/bin/../lib/gcc/avr/4.3.3/../../../../avr/lib/avr5\libc.a(strrev.o)
                0x00000e2e                . = ALIGN (0x2)
 *(.text.*)
 .text.ADC_voidInit
                0x00000e2e       0x62 ./ADC_program.o
                0x00000e2e                ADC_voidInit
 .text.ADC_u8GetChannelReading
                0x00000e90       0x6c ./ADC_program.o
                0x00000e90                ADC_u8GetChannelReading
 .text.ADC_u8StartConversionSynch
                0x00000efc       0xfe ./ADC_program.o
                0x00000efc                ADC_u8StartConversionSynch
 .text.ADC_u8StartConversionAsynch
                0x00000ffa       0xae ./ADC_program.o
                0x00000ffa                ADC_u8StartConversionAsynch
 .text.ADC_u8StartChainAsynch
                0x000010a8       0xe8 ./ADC_program.o
                0x000010a8                ADC_u8StartChainAsynch
 .text.__vector_16
                0x00001190      0x13c ./ADC_program.o
                0x00001190                __vector_16
 .text.CLCD_voidSendCommand
                0x000012cc      0x8ae ./CLCD_program.o
                0x000012cc                CLCD_voidSendCommand
 .text.CLCD_voidSendData
                0x00001b7a      0x8ae ./CLCD_program.o
                0x00001b7a                CLCD_voidSendData
 .text.CLCD_voidInit
                0x00002428      0x16e ./CLCD_program.o
                0x00002428                CLCD_voidInit
 .text.CLCD_voidSendString
                0x00002596       0x52 ./CLCD_program.o
                0x00002596                CLCD_voidSendString
 .text.CLCD_voidGoToXY
                0x000025e8       0x80 ./CLCD_program.o
                0x000025e8                CLCD_voidGoToXY
 .text.CLCD_voidSendStringGoToXY
                0x00002668       0x32 ./CLCD_program.o
                0x00002668                CLCD_voidSendStringGoToXY
 .text.CLCD_voidWriteSpecialCharacter
                0x0000269a       0x8c ./CLCD_program.o
                0x0000269a                CLCD_voidWriteSpecialCharacter
 .text.CLCD_voidSendNumber
                0x00002726       0xd2 ./CLCD_program.o
                0x00002726                CLCD_voidSendNumber
 .text.CLCD_voidIntegerToString
                0x000027f8       0x46 ./CLCD_program.o
                0x000027f8                CLCD_voidIntegerToString
 .text.CLCD_voidClearScreen
                0x0000283e       0x14 ./CLCD_program.o
                0x0000283e                CLCD_voidClearScreen
 .text.DCM_voidInit
                0x00002852       0x44 ./DCM_program.o
                0x00002852                DCM_voidInit
 .text.DCM_voidCW
                0x00002896       0x22 ./DCM_program.o
                0x00002896                DCM_voidCW
 .text.DCM_voidCCW
                0x000028b8       0x22 ./DCM_program.o
                0x000028b8                DCM_voidCCW
 .text.DCM_voidRotate
                0x000028da       0x88 ./DCM_program.o
                0x000028da                DCM_voidRotate
 .text.DIO_u8SetPinDirection
                0x00002962      0x3ae ./DIO_program.o
                0x00002962                DIO_u8SetPinDirection
 .text.DIO_u8SetPortDirection
                0x00002d10       0x90 ./DIO_program.o
                0x00002d10                DIO_u8SetPortDirection
 .text.DIO_u8SetPinValue
                0x00002da0      0x224 ./DIO_program.o
                0x00002da0                DIO_u8SetPinValue
 .text.DIO_u8SetPortValue
                0x00002fc4       0x90 ./DIO_program.o
                0x00002fc4                DIO_u8SetPortValue
 .text.DIO_u8TogglePinValue
                0x00003054      0x108 ./DIO_program.o
                0x00003054                DIO_u8TogglePinValue
 .text.DIO_u8GetPinValue
                0x0000315c      0x130 ./DIO_program.o
                0x0000315c                DIO_u8GetPinValue
 .text.DIO_u8GetPortValue
                0x0000328c       0xb4 ./DIO_program.o
                0x0000328c                DIO_u8GetPortValue
 .text.LM35_voidInit
                0x00003340       0x1c ./LM35_program.o
                0x00003340                LM35_voidInit
 .text.LM35_u8GetTempValue
                0x0000335c       0x5c ./LM35_program.o
                0x0000335c                LM35_u8GetTempValue
 .text.TIMER_voidTimer0Init
                0x000033b8       0x88 ./TIMER_program.o
                0x000033b8                TIMER_voidTimer0Init
 .text.TIMER_voidTimer0Delay
                0x00003440       0x2c ./TIMER_program.o
                0x00003440                TIMER_voidTimer0Delay
 .text.TIMER_voidTimer0GeneratePWM
                0x0000346c       0x82 ./TIMER_program.o
                0x0000346c                TIMER_voidTimer0GeneratePWM
 .text.__vector_11
                0x000034ee       0xb2 ./TIMER_program.o
                0x000034ee                __vector_11
 .text.__vector_10
                0x000035a0       0x9c ./TIMER_program.o
                0x000035a0                __vector_10
 .text.TIMER_voidTimer2Init
                0x0000363c       0x88 ./TIMER_program.o
                0x0000363c                TIMER_voidTimer2Init
 .text.TIMER_voidTimer2Delay
                0x000036c4       0x2c ./TIMER_program.o
                0x000036c4                TIMER_voidTimer2Delay
 .text.TIMER_voidTimer2GeneratePWM
                0x000036f0       0x82 ./TIMER_program.o
                0x000036f0                TIMER_voidTimer2GeneratePWM
 .text.__vector_4
                0x00003772       0xb2 ./TIMER_program.o
                0x00003772                __vector_4
 .text.__vector_3
                0x00003824       0x5a ./TIMER_program.o
                0x00003824                __vector_3
 .text.TIMER_voidTimer1Enable
                0x0000387e      0x6b6 ./TIMER_program.o
                0x0000387e                TIMER_voidTimer1Enable
 .text.TIMER_voidTimer1GeneratePWMOCR1A
                0x00003f34      0x1ae ./TIMER_program.o
                0x00003f34                TIMER_voidTimer1GeneratePWMOCR1A
 .text.TIMER_voidTimer1GeneratePWMOCR1B
                0x000040e2      0x1ae ./TIMER_program.o
                0x000040e2                TIMER_voidTimer1GeneratePWMOCR1B
 .text.TIMER_voidTimer1SetOCR1A
                0x00004290       0x2e ./TIMER_program.o
                0x00004290                TIMER_voidTimer1SetOCR1A
 .text.TIMER_voidTimer1SetOCR1B
                0x000042be       0x2e ./TIMER_program.o
                0x000042be                TIMER_voidTimer1SetOCR1B
 .text.TIMER_voidTimer1SetICR1
                0x000042ec       0x2e ./TIMER_program.o
                0x000042ec                TIMER_voidTimer1SetICR1
 .text.TIMER_voidTimer1Stop
                0x0000431a       0x38 ./TIMER_program.o
                0x0000431a                TIMER_voidTimer1Stop
 .text.TIMER_voidTimer1Continue
                0x00004352       0x2a ./TIMER_program.o
                0x00004352                TIMER_voidTimer1Continue
 .text.TIMER_voidTimer1SetCallBack
                0x0000437c       0x24 ./TIMER_program.o
                0x0000437c                TIMER_voidTimer1SetCallBack
 .text.TIMER_voidTimer1ICUInit
                0x000043a0       0x64 ./TIMER_program.o
                0x000043a0                TIMER_voidTimer1ICUInit
 .text.TIMER_voidTimer1ICUSetTriggerEdge
                0x00004404       0x3e ./TIMER_program.o
                0x00004404                TIMER_voidTimer1ICUSetTriggerEdge
 .text.TIMER_voidTimer1ICUGetInputCaptureValue
                0x00004442       0x16 ./TIMER_program.o
                0x00004442                TIMER_voidTimer1ICUGetInputCaptureValue
 .text.TIMER_voidTimer1ICUSetCallBack
                0x00004458       0x24 ./TIMER_program.o
                0x00004458                TIMER_voidTimer1ICUSetCallBack
 .text.TIMER_voidClearTimer1Value
                0x0000447c       0x16 ./TIMER_program.o
                0x0000447c                TIMER_voidClearTimer1Value
 .text.__vector_5
                0x00004492       0x66 ./TIMER_program.o
                0x00004492                __vector_5
 .text.__vector_6
                0x000044f8       0x66 ./TIMER_program.o
                0x000044f8                __vector_6
 .text.main     0x0000455e       0xdc ./main.o
                0x0000455e                main
 .text.libgcc   0x0000463a       0x28 d:/embedded systems diploma/imt es diploma/00-tools/03-imt sdk/03- imt sdk/imt_sdk_win_64/imt_sdk_win_64/winavr/bin/../lib/gcc/avr/4.3.3/avr5\libgcc.a(_udivmodhi4.o)
                0x0000463a                __udivmodhi4
 .text.libgcc   0x00004662       0x26 d:/embedded systems diploma/imt es diploma/00-tools/03-imt sdk/03- imt sdk/imt_sdk_win_64/imt_sdk_win_64/winavr/bin/../lib/gcc/avr/4.3.3/avr5\libgcc.a(_divmodhi4.o)
                0x00004662                __divmodhi4
                0x00004662                _div
 .text.libgcc   0x00004688       0x44 d:/embedded systems diploma/imt es diploma/00-tools/03-imt sdk/03- imt sdk/imt_sdk_win_64/imt_sdk_win_64/winavr/bin/../lib/gcc/avr/4.3.3/avr5\libgcc.a(_udivmodsi4.o)
                0x00004688                __udivmodsi4
 .text.libgcc   0x000046cc        0x0 d:/embedded systems diploma/imt es diploma/00-tools/03-imt sdk/03- imt sdk/imt_sdk_win_64/imt_sdk_win_64/winavr/bin/../lib/gcc/avr/4.3.3/avr5\libgcc.a(_exit.o)
 .text.libgcc   0x000046cc        0x0 d:/embedded systems diploma/imt es diploma/00-tools/03-imt sdk/03- imt sdk/imt_sdk_win_64/imt_sdk_win_64/winavr/bin/../lib/gcc/avr/4.3.3/avr5\libgcc.a(_copy_data.o)
 .text.libgcc   0x000046cc        0x0 d:/embedded systems diploma/imt es diploma/00-tools/03-imt sdk/03- imt sdk/imt_sdk_win_64/imt_sdk_win_64/winavr/bin/../lib/gcc/avr/4.3.3/avr5\libgcc.a(_clear_bss.o)
 .text.libgcc   0x000046cc       0x38 d:/embedded systems diploma/imt es diploma/00-tools/03-imt sdk/03- imt sdk/imt_sdk_win_64/imt_sdk_win_64/winavr/bin/../lib/gcc/avr/4.3.3/avr5\libgcc.a(_prologue.o)
                0x000046cc                __prologue_saves__
 .text.libgcc   0x00004704       0x36 d:/embedded systems diploma/imt es diploma/00-tools/03-imt sdk/03- imt sdk/imt_sdk_win_64/imt_sdk_win_64/winavr/bin/../lib/gcc/avr/4.3.3/avr5\libgcc.a(_epilogue.o)
                0x00004704                __epilogue_restores__
 .text.avr-libc
                0x0000473a       0x42 d:/embedded systems diploma/imt es diploma/00-tools/03-imt sdk/03- imt sdk/imt_sdk_win_64/imt_sdk_win_64/winavr/bin/../lib/gcc/avr/4.3.3/../../../../avr/lib/avr5\libc.a(itoa.o)
                0x0000473a                itoa
 .text.avr-libc
                0x0000477c       0x20 d:/embedded systems diploma/imt es diploma/00-tools/03-imt sdk/03- imt sdk/imt_sdk_win_64/imt_sdk_win_64/winavr/bin/../lib/gcc/avr/4.3.3/../../../../avr/lib/avr5\libc.a(strrev.o)
                0x0000477c                strrev
                0x0000479c                . = ALIGN (0x2)
 *(.fini9)
 .fini9         0x0000479c        0x0 d:/embedded systems diploma/imt es diploma/00-tools/03-imt sdk/03- imt sdk/imt_sdk_win_64/imt_sdk_win_64/winavr/bin/../lib/gcc/avr/4.3.3/avr5\libgcc.a(_exit.o)
                0x0000479c                exit
                0x0000479c                _exit
 *(.fini9)
 *(.fini8)
 *(.fini8)
 *(.fini7)
 *(.fini7)
 *(.fini6)
 *(.fini6)
 *(.fini5)
 *(.fini5)
 *(.fini4)
 *(.fini4)
 *(.fini3)
 *(.fini3)
 *(.fini2)
 *(.fini2)
 *(.fini1)
 *(.fini1)
 *(.fini0)
 .fini0         0x0000479c        0x4 d:/embedded systems diploma/imt es diploma/00-tools/03-imt sdk/03- imt sdk/imt_sdk_win_64/imt_sdk_win_64/winavr/bin/../lib/gcc/avr/4.3.3/avr5\libgcc.a(_exit.o)
 *(.fini0)
                0x000047a0                _etext = .

.data           0x00800060      0x124 load address 0x000047a0
                0x00800060                PROVIDE (__data_start, .)
 *(.data)
 .data          0x00800060        0x0 d:/embedded systems diploma/imt es diploma/00-tools/03-imt sdk/03- imt sdk/imt_sdk_win_64/imt_sdk_win_64/winavr/bin/../lib/gcc/avr/4.3.3/../../../../avr/lib/avr5/crtm16.o
 .data          0x00800060        0x0 ./ADC_program.o
 .data          0x00800060        0x0 ./CLCD_program.o
 .data          0x00800060        0x0 ./DCM_program.o
 .data          0x00800060        0x0 ./DIO_program.o
 .data          0x00800060        0x0 ./LM35_program.o
 .data          0x00800060        0x0 ./TIMER_program.o
 .data          0x00800060       0x1c ./main.o
 .data          0x0080007c        0x0 d:/embedded systems diploma/imt es diploma/00-tools/03-imt sdk/03- imt sdk/imt_sdk_win_64/imt_sdk_win_64/winavr/bin/../lib/gcc/avr/4.3.3/avr5\libgcc.a(_udivmodhi4.o)
 .data          0x0080007c        0x0 d:/embedded systems diploma/imt es diploma/00-tools/03-imt sdk/03- imt sdk/imt_sdk_win_64/imt_sdk_win_64/winavr/bin/../lib/gcc/avr/4.3.3/avr5\libgcc.a(_divmodhi4.o)
 .data          0x0080007c        0x0 d:/embedded systems diploma/imt es diploma/00-tools/03-imt sdk/03- imt sdk/imt_sdk_win_64/imt_sdk_win_64/winavr/bin/../lib/gcc/avr/4.3.3/avr5\libgcc.a(_udivmodsi4.o)
 .data          0x0080007c        0x0 d:/embedded systems diploma/imt es diploma/00-tools/03-imt sdk/03- imt sdk/imt_sdk_win_64/imt_sdk_win_64/winavr/bin/../lib/gcc/avr/4.3.3/avr5\libgcc.a(_exit.o)
 .data          0x0080007c        0x0 d:/embedded systems diploma/imt es diploma/00-tools/03-imt sdk/03- imt sdk/imt_sdk_win_64/imt_sdk_win_64/winavr/bin/../lib/gcc/avr/4.3.3/avr5\libgcc.a(_copy_data.o)
 .data          0x0080007c        0x0 d:/embedded systems diploma/imt es diploma/00-tools/03-imt sdk/03- imt sdk/imt_sdk_win_64/imt_sdk_win_64/winavr/bin/../lib/gcc/avr/4.3.3/avr5\libgcc.a(_clear_bss.o)
 .data          0x0080007c        0x0 d:/embedded systems diploma/imt es diploma/00-tools/03-imt sdk/03- imt sdk/imt_sdk_win_64/imt_sdk_win_64/winavr/bin/../lib/gcc/avr/4.3.3/avr5\libgcc.a(_fixunssfsi.o)
 .data          0x0080007c        0x0 d:/embedded systems diploma/imt es diploma/00-tools/03-imt sdk/03- imt sdk/imt_sdk_win_64/imt_sdk_win_64/winavr/bin/../lib/gcc/avr/4.3.3/avr5\libgcc.a(_addsub_sf.o)
 .data          0x0080007c        0x0 d:/embedded systems diploma/imt es diploma/00-tools/03-imt sdk/03- imt sdk/imt_sdk_win_64/imt_sdk_win_64/winavr/bin/../lib/gcc/avr/4.3.3/avr5\libgcc.a(_mul_sf.o)
 .data          0x0080007c        0x0 d:/embedded systems diploma/imt es diploma/00-tools/03-imt sdk/03- imt sdk/imt_sdk_win_64/imt_sdk_win_64/winavr/bin/../lib/gcc/avr/4.3.3/avr5\libgcc.a(_div_sf.o)
 .data          0x0080007c        0x0 d:/embedded systems diploma/imt es diploma/00-tools/03-imt sdk/03- imt sdk/imt_sdk_win_64/imt_sdk_win_64/winavr/bin/../lib/gcc/avr/4.3.3/avr5\libgcc.a(_gt_sf.o)
 .data          0x0080007c        0x0 d:/embedded systems diploma/imt es diploma/00-tools/03-imt sdk/03- imt sdk/imt_sdk_win_64/imt_sdk_win_64/winavr/bin/../lib/gcc/avr/4.3.3/avr5\libgcc.a(_ge_sf.o)
 .data          0x0080007c        0x0 d:/embedded systems diploma/imt es diploma/00-tools/03-imt sdk/03- imt sdk/imt_sdk_win_64/imt_sdk_win_64/winavr/bin/../lib/gcc/avr/4.3.3/avr5\libgcc.a(_lt_sf.o)
 .data          0x0080007c        0x0 d:/embedded systems diploma/imt es diploma/00-tools/03-imt sdk/03- imt sdk/imt_sdk_win_64/imt_sdk_win_64/winavr/bin/../lib/gcc/avr/4.3.3/avr5\libgcc.a(_sf_to_si.o)
 .data          0x0080007c        0x8 d:/embedded systems diploma/imt es diploma/00-tools/03-imt sdk/03- imt sdk/imt_sdk_win_64/imt_sdk_win_64/winavr/bin/../lib/gcc/avr/4.3.3/avr5\libgcc.a(_thenan_sf.o)
                0x0080007c                __thenan_sf
 .data          0x00800084        0x0 d:/embedded systems diploma/imt es diploma/00-tools/03-imt sdk/03- imt sdk/imt_sdk_win_64/imt_sdk_win_64/winavr/bin/../lib/gcc/avr/4.3.3/avr5\libgcc.a(_usi_to_sf.o)
 .data          0x00800084        0x0 d:/embedded systems diploma/imt es diploma/00-tools/03-imt sdk/03- imt sdk/imt_sdk_win_64/imt_sdk_win_64/winavr/bin/../lib/gcc/avr/4.3.3/avr5\libgcc.a(_prologue.o)
 .data          0x00800084        0x0 d:/embedded systems diploma/imt es diploma/00-tools/03-imt sdk/03- imt sdk/imt_sdk_win_64/imt_sdk_win_64/winavr/bin/../lib/gcc/avr/4.3.3/avr5\libgcc.a(_epilogue.o)
 .data          0x00800084        0x0 d:/embedded systems diploma/imt es diploma/00-tools/03-imt sdk/03- imt sdk/imt_sdk_win_64/imt_sdk_win_64/winavr/bin/../lib/gcc/avr/4.3.3/avr5\libgcc.a(_clzsi2.o)
 .data          0x00800084        0x0 d:/embedded systems diploma/imt es diploma/00-tools/03-imt sdk/03- imt sdk/imt_sdk_win_64/imt_sdk_win_64/winavr/bin/../lib/gcc/avr/4.3.3/avr5\libgcc.a(_pack_sf.o)
 .data          0x00800084        0x0 d:/embedded systems diploma/imt es diploma/00-tools/03-imt sdk/03- imt sdk/imt_sdk_win_64/imt_sdk_win_64/winavr/bin/../lib/gcc/avr/4.3.3/avr5\libgcc.a(_unpack_sf.o)
 .data          0x00800084        0x0 d:/embedded systems diploma/imt es diploma/00-tools/03-imt sdk/03- imt sdk/imt_sdk_win_64/imt_sdk_win_64/winavr/bin/../lib/gcc/avr/4.3.3/avr5\libgcc.a(_fpcmp_parts_sf.o)
 .data          0x00800084      0x100 d:/embedded systems diploma/imt es diploma/00-tools/03-imt sdk/03- imt sdk/imt_sdk_win_64/imt_sdk_win_64/winavr/bin/../lib/gcc/avr/4.3.3/avr5\libgcc.a(_clz.o)
                0x00800084                __clz_tab
 .data          0x00800184        0x0 d:/embedded systems diploma/imt es diploma/00-tools/03-imt sdk/03- imt sdk/imt_sdk_win_64/imt_sdk_win_64/winavr/bin/../lib/gcc/avr/4.3.3/../../../../avr/lib/avr5\libc.a(itoa.o)
 .data          0x00800184        0x0 d:/embedded systems diploma/imt es diploma/00-tools/03-imt sdk/03- imt sdk/imt_sdk_win_64/imt_sdk_win_64/winavr/bin/../lib/gcc/avr/4.3.3/../../../../avr/lib/avr5\libc.a(strrev.o)
 *(.data*)
 *(.rodata)
 *(.rodata*)
 *(.gnu.linkonce.d*)
                0x00800184                . = ALIGN (0x2)
                0x00800184                _edata = .
                0x00800184                PROVIDE (__data_end, .)

.bss            0x00800184       0x3f
                0x00800184                PROVIDE (__bss_start, .)
 *(.bss)
 .bss           0x00800184        0x0 d:/embedded systems diploma/imt es diploma/00-tools/03-imt sdk/03- imt sdk/imt_sdk_win_64/imt_sdk_win_64/winavr/bin/../lib/gcc/avr/4.3.3/../../../../avr/lib/avr5/crtm16.o
 .bss           0x00800184        0x0 ./ADC_program.o
 .bss           0x00800184        0x0 ./CLCD_program.o
 .bss           0x00800184        0x0 ./DCM_program.o
 .bss           0x00800184        0x0 ./DIO_program.o
 .bss           0x00800184        0x0 ./LM35_program.o
 .bss           0x00800184        0x0 ./TIMER_program.o
 .bss           0x00800184        0x0 ./main.o
 .bss           0x00800184        0x0 d:/embedded systems diploma/imt es diploma/00-tools/03-imt sdk/03- imt sdk/imt_sdk_win_64/imt_sdk_win_64/winavr/bin/../lib/gcc/avr/4.3.3/avr5\libgcc.a(_udivmodhi4.o)
 .bss           0x00800184        0x0 d:/embedded systems diploma/imt es diploma/00-tools/03-imt sdk/03- imt sdk/imt_sdk_win_64/imt_sdk_win_64/winavr/bin/../lib/gcc/avr/4.3.3/avr5\libgcc.a(_divmodhi4.o)
 .bss           0x00800184        0x0 d:/embedded systems diploma/imt es diploma/00-tools/03-imt sdk/03- imt sdk/imt_sdk_win_64/imt_sdk_win_64/winavr/bin/../lib/gcc/avr/4.3.3/avr5\libgcc.a(_udivmodsi4.o)
 .bss           0x00800184        0x0 d:/embedded systems diploma/imt es diploma/00-tools/03-imt sdk/03- imt sdk/imt_sdk_win_64/imt_sdk_win_64/winavr/bin/../lib/gcc/avr/4.3.3/avr5\libgcc.a(_exit.o)
 .bss           0x00800184        0x0 d:/embedded systems diploma/imt es diploma/00-tools/03-imt sdk/03- imt sdk/imt_sdk_win_64/imt_sdk_win_64/winavr/bin/../lib/gcc/avr/4.3.3/avr5\libgcc.a(_copy_data.o)
 .bss           0x00800184        0x0 d:/embedded systems diploma/imt es diploma/00-tools/03-imt sdk/03- imt sdk/imt_sdk_win_64/imt_sdk_win_64/winavr/bin/../lib/gcc/avr/4.3.3/avr5\libgcc.a(_clear_bss.o)
 .bss           0x00800184        0x0 d:/embedded systems diploma/imt es diploma/00-tools/03-imt sdk/03- imt sdk/imt_sdk_win_64/imt_sdk_win_64/winavr/bin/../lib/gcc/avr/4.3.3/avr5\libgcc.a(_fixunssfsi.o)
 .bss           0x00800184        0x0 d:/embedded systems diploma/imt es diploma/00-tools/03-imt sdk/03- imt sdk/imt_sdk_win_64/imt_sdk_win_64/winavr/bin/../lib/gcc/avr/4.3.3/avr5\libgcc.a(_addsub_sf.o)
 .bss           0x00800184        0x0 d:/embedded systems diploma/imt es diploma/00-tools/03-imt sdk/03- imt sdk/imt_sdk_win_64/imt_sdk_win_64/winavr/bin/../lib/gcc/avr/4.3.3/avr5\libgcc.a(_mul_sf.o)
 .bss           0x00800184        0x0 d:/embedded systems diploma/imt es diploma/00-tools/03-imt sdk/03- imt sdk/imt_sdk_win_64/imt_sdk_win_64/winavr/bin/../lib/gcc/avr/4.3.3/avr5\libgcc.a(_div_sf.o)
 .bss           0x00800184        0x0 d:/embedded systems diploma/imt es diploma/00-tools/03-imt sdk/03- imt sdk/imt_sdk_win_64/imt_sdk_win_64/winavr/bin/../lib/gcc/avr/4.3.3/avr5\libgcc.a(_gt_sf.o)
 .bss           0x00800184        0x0 d:/embedded systems diploma/imt es diploma/00-tools/03-imt sdk/03- imt sdk/imt_sdk_win_64/imt_sdk_win_64/winavr/bin/../lib/gcc/avr/4.3.3/avr5\libgcc.a(_ge_sf.o)
 .bss           0x00800184        0x0 d:/embedded systems diploma/imt es diploma/00-tools/03-imt sdk/03- imt sdk/imt_sdk_win_64/imt_sdk_win_64/winavr/bin/../lib/gcc/avr/4.3.3/avr5\libgcc.a(_lt_sf.o)
 .bss           0x00800184        0x0 d:/embedded systems diploma/imt es diploma/00-tools/03-imt sdk/03- imt sdk/imt_sdk_win_64/imt_sdk_win_64/winavr/bin/../lib/gcc/avr/4.3.3/avr5\libgcc.a(_sf_to_si.o)
 .bss           0x00800184        0x0 d:/embedded systems diploma/imt es diploma/00-tools/03-imt sdk/03- imt sdk/imt_sdk_win_64/imt_sdk_win_64/winavr/bin/../lib/gcc/avr/4.3.3/avr5\libgcc.a(_thenan_sf.o)
 .bss           0x00800184        0x0 d:/embedded systems diploma/imt es diploma/00-tools/03-imt sdk/03- imt sdk/imt_sdk_win_64/imt_sdk_win_64/winavr/bin/../lib/gcc/avr/4.3.3/avr5\libgcc.a(_usi_to_sf.o)
 .bss           0x00800184        0x0 d:/embedded systems diploma/imt es diploma/00-tools/03-imt sdk/03- imt sdk/imt_sdk_win_64/imt_sdk_win_64/winavr/bin/../lib/gcc/avr/4.3.3/avr5\libgcc.a(_prologue.o)
 .bss           0x00800184        0x0 d:/embedded systems diploma/imt es diploma/00-tools/03-imt sdk/03- imt sdk/imt_sdk_win_64/imt_sdk_win_64/winavr/bin/../lib/gcc/avr/4.3.3/avr5\libgcc.a(_epilogue.o)
 .bss           0x00800184        0x0 d:/embedded systems diploma/imt es diploma/00-tools/03-imt sdk/03- imt sdk/imt_sdk_win_64/imt_sdk_win_64/winavr/bin/../lib/gcc/avr/4.3.3/avr5\libgcc.a(_clzsi2.o)
 .bss           0x00800184        0x0 d:/embedded systems diploma/imt es diploma/00-tools/03-imt sdk/03- imt sdk/imt_sdk_win_64/imt_sdk_win_64/winavr/bin/../lib/gcc/avr/4.3.3/avr5\libgcc.a(_pack_sf.o)
 .bss           0x00800184        0x0 d:/embedded systems diploma/imt es diploma/00-tools/03-imt sdk/03- imt sdk/imt_sdk_win_64/imt_sdk_win_64/winavr/bin/../lib/gcc/avr/4.3.3/avr5\libgcc.a(_unpack_sf.o)
 .bss           0x00800184        0x0 d:/embedded systems diploma/imt es diploma/00-tools/03-imt sdk/03- imt sdk/imt_sdk_win_64/imt_sdk_win_64/winavr/bin/../lib/gcc/avr/4.3.3/avr5\libgcc.a(_fpcmp_parts_sf.o)
 .bss           0x00800184        0x0 d:/embedded systems diploma/imt es diploma/00-tools/03-imt sdk/03- imt sdk/imt_sdk_win_64/imt_sdk_win_64/winavr/bin/../lib/gcc/avr/4.3.3/avr5\libgcc.a(_clz.o)
 .bss           0x00800184        0x0 d:/embedded systems diploma/imt es diploma/00-tools/03-imt sdk/03- imt sdk/imt_sdk_win_64/imt_sdk_win_64/winavr/bin/../lib/gcc/avr/4.3.3/../../../../avr/lib/avr5\libc.a(itoa.o)
 .bss           0x00800184        0x0 d:/embedded systems diploma/imt es diploma/00-tools/03-imt sdk/03- imt sdk/imt_sdk_win_64/imt_sdk_win_64/winavr/bin/../lib/gcc/avr/4.3.3/../../../../avr/lib/avr5\libc.a(strrev.o)
 *(.bss*)
 .bss.ADC_pu8Reading
                0x00800184        0x2 ./ADC_program.o
 .bss.ADC_pvCallBackNotificationFunc
                0x00800186        0x2 ./ADC_program.o
 .bss.ADC_pu8ChainChannelArr
                0x00800188        0x2 ./ADC_program.o
 .bss.ADC_pu8Size
                0x0080018a        0x2 ./ADC_program.o
 .bss.ADC_pu16ChainResultArr
                0x0080018c        0x2 ./ADC_program.o
 .bss.ADC_u8BusyState
                0x0080018e        0x1 ./ADC_program.o
 .bss.ADC_u8ChainConversionIndex
                0x0080018f        0x1 ./ADC_program.o
 .bss.ADC_u8ISRSource
                0x00800190        0x1 ./ADC_program.o
 .bss.u8SateSpecialCharIndx
                0x00800191        0x1 ./CLCD_program.o
 .bss.Local_u16Counter.1306
                0x00800192        0x2 ./TIMER_program.o
 .bss.Local_u8Counter.1321
                0x00800194        0x2 ./TIMER_program.o
 .bss.Local_u16Counter.1382
                0x00800196        0x2 ./TIMER_program.o
 .bss.Local_u8Counter.1397
                0x00800198        0x2 ./TIMER_program.o
 .bss.TIMER0_pSetCallBack
                0x0080019a        0x2 ./TIMER_program.o
 .bss.TIMER1_pSetCallBack
                0x0080019c        0x2 ./TIMER_program.o
 .bss.TIMER2_pSetCallBack
                0x0080019e        0x2 ./TIMER_program.o
 .bss.Timer1_pICUSetCallBack
                0x008001a0        0x2 ./TIMER_program.o
 *(COMMON)
 COMMON         0x008001a2       0x21 ./TIMER_program.o
                0x008001a2                TIMER1_u8MODEPWM
                0x008001a3                TIMER0_f32PreloodValue
                0x008001a7                TIMER0_f32OVCounterTmp
                0x008001ab                TIMER0_u16Prescaller
                0x008001af                TIMER2_f32OVCounter
                0x008001b3                TIMER2_u16Prescaller
                0x008001b7                TIMER0_f32CounterCTC
                0x008001bb                TIMER2_f32CounterCTC
                0x008001bf                TIMER2_f32PreloodValue
                0x008001c3                PROVIDE (__bss_end, .)
                0x000047a0                __data_load_start = LOADADDR (.data)
                0x000048c4                __data_load_end = (__data_load_start + SIZEOF (.data))

.noinit         0x008001c3        0x0
                0x008001c3                PROVIDE (__noinit_start, .)
 *(.noinit*)
                0x008001c3                PROVIDE (__noinit_end, .)
                0x008001c3                _end = .
                0x008001c3                PROVIDE (__heap_start, .)

.eeprom         0x00810000        0x0
 *(.eeprom*)
                0x00810000                __eeprom_end = .

.fuse
 *(.fuse)
 *(.lfuse)
 *(.hfuse)
 *(.efuse)

.lock
 *(.lock*)

.signature
 *(.signature*)

.stab           0x00000000     0x38f4
 *(.stab)
 .stab          0x00000000      0x720 ./ADC_program.o
 .stab          0x00000720     0x1368 ./CLCD_program.o
                               0x1404 (size before relaxing)
 .stab          0x00001a88      0x27c ./DCM_program.o
                                0x318 (size before relaxing)
 .stab          0x00001d04      0x7d4 ./DIO_program.o
                                0x870 (size before relaxing)
 .stab          0x000024d8      0x1a4 ./LM35_program.o
                                0x258 (size before relaxing)
 .stab          0x0000267c     0x105c ./TIMER_program.o
                               0x10f8 (size before relaxing)
 .stab          0x000036d8      0x21c ./main.o
                                0x2b8 (size before relaxing)

.stabstr        0x00000000     0x1716
 *(.stabstr)
 .stabstr       0x00000000     0x1716 ./ADC_program.o

.stab.excl
 *(.stab.excl)

.stab.exclstr
 *(.stab.exclstr)

.stab.index
 *(.stab.index)

.stab.indexstr
 *(.stab.indexstr)

.comment
 *(.comment)

.debug
 *(.debug)

.line
 *(.line)

.debug_srcinfo
 *(.debug_srcinfo)

.debug_sfnames
 *(.debug_sfnames)

.debug_aranges  0x00000000      0x1a0
 *(.debug_aranges)
 .debug_aranges
                0x00000000       0x20 d:/embedded systems diploma/imt es diploma/00-tools/03-imt sdk/03- imt sdk/imt_sdk_win_64/imt_sdk_win_64/winavr/bin/../lib/gcc/avr/4.3.3/avr5\libgcc.a(_fixunssfsi.o)
 .debug_aranges
                0x00000020       0x20 d:/embedded systems diploma/imt es diploma/00-tools/03-imt sdk/03- imt sdk/imt_sdk_win_64/imt_sdk_win_64/winavr/bin/../lib/gcc/avr/4.3.3/avr5\libgcc.a(_addsub_sf.o)
 .debug_aranges
                0x00000040       0x20 d:/embedded systems diploma/imt es diploma/00-tools/03-imt sdk/03- imt sdk/imt_sdk_win_64/imt_sdk_win_64/winavr/bin/../lib/gcc/avr/4.3.3/avr5\libgcc.a(_mul_sf.o)
 .debug_aranges
                0x00000060       0x20 d:/embedded systems diploma/imt es diploma/00-tools/03-imt sdk/03- imt sdk/imt_sdk_win_64/imt_sdk_win_64/winavr/bin/../lib/gcc/avr/4.3.3/avr5\libgcc.a(_div_sf.o)
 .debug_aranges
                0x00000080       0x20 d:/embedded systems diploma/imt es diploma/00-tools/03-imt sdk/03- imt sdk/imt_sdk_win_64/imt_sdk_win_64/winavr/bin/../lib/gcc/avr/4.3.3/avr5\libgcc.a(_gt_sf.o)
 .debug_aranges
                0x000000a0       0x20 d:/embedded systems diploma/imt es diploma/00-tools/03-imt sdk/03- imt sdk/imt_sdk_win_64/imt_sdk_win_64/winavr/bin/../lib/gcc/avr/4.3.3/avr5\libgcc.a(_ge_sf.o)
 .debug_aranges
                0x000000c0       0x20 d:/embedded systems diploma/imt es diploma/00-tools/03-imt sdk/03- imt sdk/imt_sdk_win_64/imt_sdk_win_64/winavr/bin/../lib/gcc/avr/4.3.3/avr5\libgcc.a(_lt_sf.o)
 .debug_aranges
                0x000000e0       0x20 d:/embedded systems diploma/imt es diploma/00-tools/03-imt sdk/03- imt sdk/imt_sdk_win_64/imt_sdk_win_64/winavr/bin/../lib/gcc/avr/4.3.3/avr5\libgcc.a(_sf_to_si.o)
 .debug_aranges
                0x00000100       0x20 d:/embedded systems diploma/imt es diploma/00-tools/03-imt sdk/03- imt sdk/imt_sdk_win_64/imt_sdk_win_64/winavr/bin/../lib/gcc/avr/4.3.3/avr5\libgcc.a(_usi_to_sf.o)
 .debug_aranges
                0x00000120       0x20 d:/embedded systems diploma/imt es diploma/00-tools/03-imt sdk/03- imt sdk/imt_sdk_win_64/imt_sdk_win_64/winavr/bin/../lib/gcc/avr/4.3.3/avr5\libgcc.a(_clzsi2.o)
 .debug_aranges
                0x00000140       0x20 d:/embedded systems diploma/imt es diploma/00-tools/03-imt sdk/03- imt sdk/imt_sdk_win_64/imt_sdk_win_64/winavr/bin/../lib/gcc/avr/4.3.3/avr5\libgcc.a(_pack_sf.o)
 .debug_aranges
                0x00000160       0x20 d:/embedded systems diploma/imt es diploma/00-tools/03-imt sdk/03- imt sdk/imt_sdk_win_64/imt_sdk_win_64/winavr/bin/../lib/gcc/avr/4.3.3/avr5\libgcc.a(_unpack_sf.o)
 .debug_aranges
                0x00000180       0x20 d:/embedded systems diploma/imt es diploma/00-tools/03-imt sdk/03- imt sdk/imt_sdk_win_64/imt_sdk_win_64/winavr/bin/../lib/gcc/avr/4.3.3/avr5\libgcc.a(_fpcmp_parts_sf.o)

.debug_pubnames
                0x00000000      0x1f2
 *(.debug_pubnames)
 .debug_pubnames
                0x00000000       0x23 d:/embedded systems diploma/imt es diploma/00-tools/03-imt sdk/03- imt sdk/imt_sdk_win_64/imt_sdk_win_64/winavr/bin/../lib/gcc/avr/4.3.3/avr5\libgcc.a(_fixunssfsi.o)
 .debug_pubnames
                0x00000023       0x2c d:/embedded systems diploma/imt es diploma/00-tools/03-imt sdk/03- imt sdk/imt_sdk_win_64/imt_sdk_win_64/winavr/bin/../lib/gcc/avr/4.3.3/avr5\libgcc.a(_addsub_sf.o)
 .debug_pubnames
                0x0000004f       0x1f d:/embedded systems diploma/imt es diploma/00-tools/03-imt sdk/03- imt sdk/imt_sdk_win_64/imt_sdk_win_64/winavr/bin/../lib/gcc/avr/4.3.3/avr5\libgcc.a(_mul_sf.o)
 .debug_pubnames
                0x0000006e       0x1f d:/embedded systems diploma/imt es diploma/00-tools/03-imt sdk/03- imt sdk/imt_sdk_win_64/imt_sdk_win_64/winavr/bin/../lib/gcc/avr/4.3.3/avr5\libgcc.a(_div_sf.o)
 .debug_pubnames
                0x0000008d       0x1e d:/embedded systems diploma/imt es diploma/00-tools/03-imt sdk/03- imt sdk/imt_sdk_win_64/imt_sdk_win_64/winavr/bin/../lib/gcc/avr/4.3.3/avr5\libgcc.a(_gt_sf.o)
 .debug_pubnames
                0x000000ab       0x1e d:/embedded systems diploma/imt es diploma/00-tools/03-imt sdk/03- imt sdk/imt_sdk_win_64/imt_sdk_win_64/winavr/bin/../lib/gcc/avr/4.3.3/avr5\libgcc.a(_ge_sf.o)
 .debug_pubnames
                0x000000c9       0x1e d:/embedded systems diploma/imt es diploma/00-tools/03-imt sdk/03- imt sdk/imt_sdk_win_64/imt_sdk_win_64/winavr/bin/../lib/gcc/avr/4.3.3/avr5\libgcc.a(_lt_sf.o)
 .debug_pubnames
                0x000000e7       0x20 d:/embedded systems diploma/imt es diploma/00-tools/03-imt sdk/03- imt sdk/imt_sdk_win_64/imt_sdk_win_64/winavr/bin/../lib/gcc/avr/4.3.3/avr5\libgcc.a(_sf_to_si.o)
 .debug_pubnames
                0x00000107       0x22 d:/embedded systems diploma/imt es diploma/00-tools/03-imt sdk/03- imt sdk/imt_sdk_win_64/imt_sdk_win_64/winavr/bin/../lib/gcc/avr/4.3.3/avr5\libgcc.a(_thenan_sf.o)
 .debug_pubnames
                0x00000129       0x24 d:/embedded systems diploma/imt es diploma/00-tools/03-imt sdk/03- imt sdk/imt_sdk_win_64/imt_sdk_win_64/winavr/bin/../lib/gcc/avr/4.3.3/avr5\libgcc.a(_usi_to_sf.o)
 .debug_pubnames
                0x0000014d       0x1f d:/embedded systems diploma/imt es diploma/00-tools/03-imt sdk/03- imt sdk/imt_sdk_win_64/imt_sdk_win_64/winavr/bin/../lib/gcc/avr/4.3.3/avr5\libgcc.a(_clzsi2.o)
 .debug_pubnames
                0x0000016c       0x1f d:/embedded systems diploma/imt es diploma/00-tools/03-imt sdk/03- imt sdk/imt_sdk_win_64/imt_sdk_win_64/winavr/bin/../lib/gcc/avr/4.3.3/avr5\libgcc.a(_pack_sf.o)
 .debug_pubnames
                0x0000018b       0x21 d:/embedded systems diploma/imt es diploma/00-tools/03-imt sdk/03- imt sdk/imt_sdk_win_64/imt_sdk_win_64/winavr/bin/../lib/gcc/avr/4.3.3/avr5\libgcc.a(_unpack_sf.o)
 .debug_pubnames
                0x000001ac       0x26 d:/embedded systems diploma/imt es diploma/00-tools/03-imt sdk/03- imt sdk/imt_sdk_win_64/imt_sdk_win_64/winavr/bin/../lib/gcc/avr/4.3.3/avr5\libgcc.a(_fpcmp_parts_sf.o)
 .debug_pubnames
                0x000001d2       0x20 d:/embedded systems diploma/imt es diploma/00-tools/03-imt sdk/03- imt sdk/imt_sdk_win_64/imt_sdk_win_64/winavr/bin/../lib/gcc/avr/4.3.3/avr5\libgcc.a(_clz.o)

.debug_info     0x00000000     0x240b
 *(.debug_info)
 .debug_info    0x00000000       0xb1 d:/embedded systems diploma/imt es diploma/00-tools/03-imt sdk/03- imt sdk/imt_sdk_win_64/imt_sdk_win_64/winavr/bin/../lib/gcc/avr/4.3.3/avr5\libgcc.a(_fixunssfsi.o)
 .debug_info    0x000000b1      0x47a d:/embedded systems diploma/imt es diploma/00-tools/03-imt sdk/03- imt sdk/imt_sdk_win_64/imt_sdk_win_64/winavr/bin/../lib/gcc/avr/4.3.3/avr5\libgcc.a(_addsub_sf.o)
 .debug_info    0x0000052b      0x485 d:/embedded systems diploma/imt es diploma/00-tools/03-imt sdk/03- imt sdk/imt_sdk_win_64/imt_sdk_win_64/winavr/bin/../lib/gcc/avr/4.3.3/avr5\libgcc.a(_mul_sf.o)
 .debug_info    0x000009b0      0x3fc d:/embedded systems diploma/imt es diploma/00-tools/03-imt sdk/03- imt sdk/imt_sdk_win_64/imt_sdk_win_64/winavr/bin/../lib/gcc/avr/4.3.3/avr5\libgcc.a(_div_sf.o)
 .debug_info    0x00000dac      0x27f d:/embedded systems diploma/imt es diploma/00-tools/03-imt sdk/03- imt sdk/imt_sdk_win_64/imt_sdk_win_64/winavr/bin/../lib/gcc/avr/4.3.3/avr5\libgcc.a(_gt_sf.o)
 .debug_info    0x0000102b      0x27f d:/embedded systems diploma/imt es diploma/00-tools/03-imt sdk/03- imt sdk/imt_sdk_win_64/imt_sdk_win_64/winavr/bin/../lib/gcc/avr/4.3.3/avr5\libgcc.a(_ge_sf.o)
 .debug_info    0x000012aa      0x27f d:/embedded systems diploma/imt es diploma/00-tools/03-imt sdk/03- imt sdk/imt_sdk_win_64/imt_sdk_win_64/winavr/bin/../lib/gcc/avr/4.3.3/avr5\libgcc.a(_lt_sf.o)
 .debug_info    0x00001529      0x2b0 d:/embedded systems diploma/imt es diploma/00-tools/03-imt sdk/03- imt sdk/imt_sdk_win_64/imt_sdk_win_64/winavr/bin/../lib/gcc/avr/4.3.3/avr5\libgcc.a(_sf_to_si.o)
 .debug_info    0x000017d9      0x12c d:/embedded systems diploma/imt es diploma/00-tools/03-imt sdk/03- imt sdk/imt_sdk_win_64/imt_sdk_win_64/winavr/bin/../lib/gcc/avr/4.3.3/avr5\libgcc.a(_thenan_sf.o)
 .debug_info    0x00001905      0x206 d:/embedded systems diploma/imt es diploma/00-tools/03-imt sdk/03- imt sdk/imt_sdk_win_64/imt_sdk_win_64/winavr/bin/../lib/gcc/avr/4.3.3/avr5\libgcc.a(_usi_to_sf.o)
 .debug_info    0x00001b0b      0x117 d:/embedded systems diploma/imt es diploma/00-tools/03-imt sdk/03- imt sdk/imt_sdk_win_64/imt_sdk_win_64/winavr/bin/../lib/gcc/avr/4.3.3/avr5\libgcc.a(_clzsi2.o)
 .debug_info    0x00001c22      0x2df d:/embedded systems diploma/imt es diploma/00-tools/03-imt sdk/03- imt sdk/imt_sdk_win_64/imt_sdk_win_64/winavr/bin/../lib/gcc/avr/4.3.3/avr5\libgcc.a(_pack_sf.o)
 .debug_info    0x00001f01      0x251 d:/embedded systems diploma/imt es diploma/00-tools/03-imt sdk/03- imt sdk/imt_sdk_win_64/imt_sdk_win_64/winavr/bin/../lib/gcc/avr/4.3.3/avr5\libgcc.a(_unpack_sf.o)
 .debug_info    0x00002152      0x210 d:/embedded systems diploma/imt es diploma/00-tools/03-imt sdk/03- imt sdk/imt_sdk_win_64/imt_sdk_win_64/winavr/bin/../lib/gcc/avr/4.3.3/avr5\libgcc.a(_fpcmp_parts_sf.o)
 .debug_info    0x00002362       0xa9 d:/embedded systems diploma/imt es diploma/00-tools/03-imt sdk/03- imt sdk/imt_sdk_win_64/imt_sdk_win_64/winavr/bin/../lib/gcc/avr/4.3.3/avr5\libgcc.a(_clz.o)
 *(.gnu.linkonce.wi.*)

.debug_abbrev   0x00000000     0x1386
 *(.debug_abbrev)
 .debug_abbrev  0x00000000       0x5d d:/embedded systems diploma/imt es diploma/00-tools/03-imt sdk/03- imt sdk/imt_sdk_win_64/imt_sdk_win_64/winavr/bin/../lib/gcc/avr/4.3.3/avr5\libgcc.a(_fixunssfsi.o)
 .debug_abbrev  0x0000005d      0x1ea d:/embedded systems diploma/imt es diploma/00-tools/03-imt sdk/03- imt sdk/imt_sdk_win_64/imt_sdk_win_64/winavr/bin/../lib/gcc/avr/4.3.3/avr5\libgcc.a(_addsub_sf.o)
 .debug_abbrev  0x00000247      0x21b d:/embedded systems diploma/imt es diploma/00-tools/03-imt sdk/03- imt sdk/imt_sdk_win_64/imt_sdk_win_64/winavr/bin/../lib/gcc/avr/4.3.3/avr5\libgcc.a(_mul_sf.o)
 .debug_abbrev  0x00000462      0x216 d:/embedded systems diploma/imt es diploma/00-tools/03-imt sdk/03- imt sdk/imt_sdk_win_64/imt_sdk_win_64/winavr/bin/../lib/gcc/avr/4.3.3/avr5\libgcc.a(_div_sf.o)
 .debug_abbrev  0x00000678      0x15a d:/embedded systems diploma/imt es diploma/00-tools/03-imt sdk/03- imt sdk/imt_sdk_win_64/imt_sdk_win_64/winavr/bin/../lib/gcc/avr/4.3.3/avr5\libgcc.a(_gt_sf.o)
 .debug_abbrev  0x000007d2      0x15a d:/embedded systems diploma/imt es diploma/00-tools/03-imt sdk/03- imt sdk/imt_sdk_win_64/imt_sdk_win_64/winavr/bin/../lib/gcc/avr/4.3.3/avr5\libgcc.a(_ge_sf.o)
 .debug_abbrev  0x0000092c      0x15a d:/embedded systems diploma/imt es diploma/00-tools/03-imt sdk/03- imt sdk/imt_sdk_win_64/imt_sdk_win_64/winavr/bin/../lib/gcc/avr/4.3.3/avr5\libgcc.a(_lt_sf.o)
 .debug_abbrev  0x00000a86      0x17f d:/embedded systems diploma/imt es diploma/00-tools/03-imt sdk/03- imt sdk/imt_sdk_win_64/imt_sdk_win_64/winavr/bin/../lib/gcc/avr/4.3.3/avr5\libgcc.a(_sf_to_si.o)
 .debug_abbrev  0x00000c05       0xad d:/embedded systems diploma/imt es diploma/00-tools/03-imt sdk/03- imt sdk/imt_sdk_win_64/imt_sdk_win_64/winavr/bin/../lib/gcc/avr/4.3.3/avr5\libgcc.a(_thenan_sf.o)
 .debug_abbrev  0x00000cb2      0x157 d:/embedded systems diploma/imt es diploma/00-tools/03-imt sdk/03- imt sdk/imt_sdk_win_64/imt_sdk_win_64/winavr/bin/../lib/gcc/avr/4.3.3/avr5\libgcc.a(_usi_to_sf.o)
 .debug_abbrev  0x00000e09       0xc4 d:/embedded systems diploma/imt es diploma/00-tools/03-imt sdk/03- imt sdk/imt_sdk_win_64/imt_sdk_win_64/winavr/bin/../lib/gcc/avr/4.3.3/avr5\libgcc.a(_clzsi2.o)
 .debug_abbrev  0x00000ecd      0x1c0 d:/embedded systems diploma/imt es diploma/00-tools/03-imt sdk/03- imt sdk/imt_sdk_win_64/imt_sdk_win_64/winavr/bin/../lib/gcc/avr/4.3.3/avr5\libgcc.a(_pack_sf.o)
 .debug_abbrev  0x0000108d      0x154 d:/embedded systems diploma/imt es diploma/00-tools/03-imt sdk/03- imt sdk/imt_sdk_win_64/imt_sdk_win_64/winavr/bin/../lib/gcc/avr/4.3.3/avr5\libgcc.a(_unpack_sf.o)
 .debug_abbrev  0x000011e1      0x13b d:/embedded systems diploma/imt es diploma/00-tools/03-imt sdk/03- imt sdk/imt_sdk_win_64/imt_sdk_win_64/winavr/bin/../lib/gcc/avr/4.3.3/avr5\libgcc.a(_fpcmp_parts_sf.o)
 .debug_abbrev  0x0000131c       0x6a d:/embedded systems diploma/imt es diploma/00-tools/03-imt sdk/03- imt sdk/imt_sdk_win_64/imt_sdk_win_64/winavr/bin/../lib/gcc/avr/4.3.3/avr5\libgcc.a(_clz.o)

.debug_line     0x00000000     0x11d6
 *(.debug_line)
 .debug_line    0x00000000       0xa7 d:/embedded systems diploma/imt es diploma/00-tools/03-imt sdk/03- imt sdk/imt_sdk_win_64/imt_sdk_win_64/winavr/bin/../lib/gcc/avr/4.3.3/avr5\libgcc.a(_fixunssfsi.o)
 .debug_line    0x000000a7      0x2af d:/embedded systems diploma/imt es diploma/00-tools/03-imt sdk/03- imt sdk/imt_sdk_win_64/imt_sdk_win_64/winavr/bin/../lib/gcc/avr/4.3.3/avr5\libgcc.a(_addsub_sf.o)
 .debug_line    0x00000356      0x239 d:/embedded systems diploma/imt es diploma/00-tools/03-imt sdk/03- imt sdk/imt_sdk_win_64/imt_sdk_win_64/winavr/bin/../lib/gcc/avr/4.3.3/avr5\libgcc.a(_mul_sf.o)
 .debug_line    0x0000058f      0x1d5 d:/embedded systems diploma/imt es diploma/00-tools/03-imt sdk/03- imt sdk/imt_sdk_win_64/imt_sdk_win_64/winavr/bin/../lib/gcc/avr/4.3.3/avr5\libgcc.a(_div_sf.o)
 .debug_line    0x00000764       0xd3 d:/embedded systems diploma/imt es diploma/00-tools/03-imt sdk/03- imt sdk/imt_sdk_win_64/imt_sdk_win_64/winavr/bin/../lib/gcc/avr/4.3.3/avr5\libgcc.a(_gt_sf.o)
 .debug_line    0x00000837       0xd3 d:/embedded systems diploma/imt es diploma/00-tools/03-imt sdk/03- imt sdk/imt_sdk_win_64/imt_sdk_win_64/winavr/bin/../lib/gcc/avr/4.3.3/avr5\libgcc.a(_ge_sf.o)
 .debug_line    0x0000090a       0xd3 d:/embedded systems diploma/imt es diploma/00-tools/03-imt sdk/03- imt sdk/imt_sdk_win_64/imt_sdk_win_64/winavr/bin/../lib/gcc/avr/4.3.3/avr5\libgcc.a(_lt_sf.o)
 .debug_line    0x000009dd      0x109 d:/embedded systems diploma/imt es diploma/00-tools/03-imt sdk/03- imt sdk/imt_sdk_win_64/imt_sdk_win_64/winavr/bin/../lib/gcc/avr/4.3.3/avr5\libgcc.a(_sf_to_si.o)
 .debug_line    0x00000ae6       0x90 d:/embedded systems diploma/imt es diploma/00-tools/03-imt sdk/03- imt sdk/imt_sdk_win_64/imt_sdk_win_64/winavr/bin/../lib/gcc/avr/4.3.3/avr5\libgcc.a(_thenan_sf.o)
 .debug_line    0x00000b76      0x133 d:/embedded systems diploma/imt es diploma/00-tools/03-imt sdk/03- imt sdk/imt_sdk_win_64/imt_sdk_win_64/winavr/bin/../lib/gcc/avr/4.3.3/avr5\libgcc.a(_usi_to_sf.o)
 .debug_line    0x00000ca9       0xa5 d:/embedded systems diploma/imt es diploma/00-tools/03-imt sdk/03- imt sdk/imt_sdk_win_64/imt_sdk_win_64/winavr/bin/../lib/gcc/avr/4.3.3/avr5\libgcc.a(_clzsi2.o)
 .debug_line    0x00000d4e      0x18a d:/embedded systems diploma/imt es diploma/00-tools/03-imt sdk/03- imt sdk/imt_sdk_win_64/imt_sdk_win_64/winavr/bin/../lib/gcc/avr/4.3.3/avr5\libgcc.a(_pack_sf.o)
 .debug_line    0x00000ed8      0x14b d:/embedded systems diploma/imt es diploma/00-tools/03-imt sdk/03- imt sdk/imt_sdk_win_64/imt_sdk_win_64/winavr/bin/../lib/gcc/avr/4.3.3/avr5\libgcc.a(_unpack_sf.o)
 .debug_line    0x00001023      0x137 d:/embedded systems diploma/imt es diploma/00-tools/03-imt sdk/03- imt sdk/imt_sdk_win_64/imt_sdk_win_64/winavr/bin/../lib/gcc/avr/4.3.3/avr5\libgcc.a(_fpcmp_parts_sf.o)
 .debug_line    0x0000115a       0x7c d:/embedded systems diploma/imt es diploma/00-tools/03-imt sdk/03- imt sdk/imt_sdk_win_64/imt_sdk_win_64/winavr/bin/../lib/gcc/avr/4.3.3/avr5\libgcc.a(_clz.o)

.debug_frame    0x00000000      0x1c0
 *(.debug_frame)
 .debug_frame   0x00000000       0x20 d:/embedded systems diploma/imt es diploma/00-tools/03-imt sdk/03- imt sdk/imt_sdk_win_64/imt_sdk_win_64/winavr/bin/../lib/gcc/avr/4.3.3/avr5\libgcc.a(_fixunssfsi.o)
 .debug_frame   0x00000020       0x40 d:/embedded systems diploma/imt es diploma/00-tools/03-imt sdk/03- imt sdk/imt_sdk_win_64/imt_sdk_win_64/winavr/bin/../lib/gcc/avr/4.3.3/avr5\libgcc.a(_addsub_sf.o)
 .debug_frame   0x00000060       0x20 d:/embedded systems diploma/imt es diploma/00-tools/03-imt sdk/03- imt sdk/imt_sdk_win_64/imt_sdk_win_64/winavr/bin/../lib/gcc/avr/4.3.3/avr5\libgcc.a(_mul_sf.o)
 .debug_frame   0x00000080       0x20 d:/embedded systems diploma/imt es diploma/00-tools/03-imt sdk/03- imt sdk/imt_sdk_win_64/imt_sdk_win_64/winavr/bin/../lib/gcc/avr/4.3.3/avr5\libgcc.a(_div_sf.o)
 .debug_frame   0x000000a0       0x20 d:/embedded systems diploma/imt es diploma/00-tools/03-imt sdk/03- imt sdk/imt_sdk_win_64/imt_sdk_win_64/winavr/bin/../lib/gcc/avr/4.3.3/avr5\libgcc.a(_gt_sf.o)
 .debug_frame   0x000000c0       0x20 d:/embedded systems diploma/imt es diploma/00-tools/03-imt sdk/03- imt sdk/imt_sdk_win_64/imt_sdk_win_64/winavr/bin/../lib/gcc/avr/4.3.3/avr5\libgcc.a(_ge_sf.o)
 .debug_frame   0x000000e0       0x20 d:/embedded systems diploma/imt es diploma/00-tools/03-imt sdk/03- imt sdk/imt_sdk_win_64/imt_sdk_win_64/winavr/bin/../lib/gcc/avr/4.3.3/avr5\libgcc.a(_lt_sf.o)
 .debug_frame   0x00000100       0x20 d:/embedded systems diploma/imt es diploma/00-tools/03-imt sdk/03- imt sdk/imt_sdk_win_64/imt_sdk_win_64/winavr/bin/../lib/gcc/avr/4.3.3/avr5\libgcc.a(_sf_to_si.o)
 .debug_frame   0x00000120       0x20 d:/embedded systems diploma/imt es diploma/00-tools/03-imt sdk/03- imt sdk/imt_sdk_win_64/imt_sdk_win_64/winavr/bin/../lib/gcc/avr/4.3.3/avr5\libgcc.a(_usi_to_sf.o)
 .debug_frame   0x00000140       0x20 d:/embedded systems diploma/imt es diploma/00-tools/03-imt sdk/03- imt sdk/imt_sdk_win_64/imt_sdk_win_64/winavr/bin/../lib/gcc/avr/4.3.3/avr5\libgcc.a(_clzsi2.o)
 .debug_frame   0x00000160       0x20 d:/embedded systems diploma/imt es diploma/00-tools/03-imt sdk/03- imt sdk/imt_sdk_win_64/imt_sdk_win_64/winavr/bin/../lib/gcc/avr/4.3.3/avr5\libgcc.a(_pack_sf.o)
 .debug_frame   0x00000180       0x20 d:/embedded systems diploma/imt es diploma/00-tools/03-imt sdk/03- imt sdk/imt_sdk_win_64/imt_sdk_win_64/winavr/bin/../lib/gcc/avr/4.3.3/avr5\libgcc.a(_unpack_sf.o)
 .debug_frame   0x000001a0       0x20 d:/embedded systems diploma/imt es diploma/00-tools/03-imt sdk/03- imt sdk/imt_sdk_win_64/imt_sdk_win_64/winavr/bin/../lib/gcc/avr/4.3.3/avr5\libgcc.a(_fpcmp_parts_sf.o)

.debug_str      0x00000000      0x2f6
 *(.debug_str)
 .debug_str     0x00000000       0xbf d:/embedded systems diploma/imt es diploma/00-tools/03-imt sdk/03- imt sdk/imt_sdk_win_64/imt_sdk_win_64/winavr/bin/../lib/gcc/avr/4.3.3/avr5\libgcc.a(_fixunssfsi.o)
                                 0xfe (size before relaxing)
 .debug_str     0x000000bf      0x14d d:/embedded systems diploma/imt es diploma/00-tools/03-imt sdk/03- imt sdk/imt_sdk_win_64/imt_sdk_win_64/winavr/bin/../lib/gcc/avr/4.3.3/avr5\libgcc.a(_addsub_sf.o)
                                0x206 (size before relaxing)
 .debug_str     0x0000020c       0x27 d:/embedded systems diploma/imt es diploma/00-tools/03-imt sdk/03- imt sdk/imt_sdk_win_64/imt_sdk_win_64/winavr/bin/../lib/gcc/avr/4.3.3/avr5\libgcc.a(_mul_sf.o)
                                0x1bf (size before relaxing)
 .debug_str     0x00000233       0x35 d:/embedded systems diploma/imt es diploma/00-tools/03-imt sdk/03- imt sdk/imt_sdk_win_64/imt_sdk_win_64/winavr/bin/../lib/gcc/avr/4.3.3/avr5\libgcc.a(_div_sf.o)
                                0x1c8 (size before relaxing)
 .debug_str     0x00000268        0x8 d:/embedded systems diploma/imt es diploma/00-tools/03-imt sdk/03- imt sdk/imt_sdk_win_64/imt_sdk_win_64/winavr/bin/../lib/gcc/avr/4.3.3/avr5\libgcc.a(_gt_sf.o)
                                0x195 (size before relaxing)
 .debug_str     0x00000270        0x8 d:/embedded systems diploma/imt es diploma/00-tools/03-imt sdk/03- imt sdk/imt_sdk_win_64/imt_sdk_win_64/winavr/bin/../lib/gcc/avr/4.3.3/avr5\libgcc.a(_ge_sf.o)
                                0x195 (size before relaxing)
 .debug_str     0x00000278        0x8 d:/embedded systems diploma/imt es diploma/00-tools/03-imt sdk/03- imt sdk/imt_sdk_win_64/imt_sdk_win_64/winavr/bin/../lib/gcc/avr/4.3.3/avr5\libgcc.a(_lt_sf.o)
                                0x195 (size before relaxing)
 .debug_str     0x00000280        0xa d:/embedded systems diploma/imt es diploma/00-tools/03-imt sdk/03- imt sdk/imt_sdk_win_64/imt_sdk_win_64/winavr/bin/../lib/gcc/avr/4.3.3/avr5\libgcc.a(_sf_to_si.o)
                                0x19e (size before relaxing)
 .debug_str     0x00000000      0x103 d:/embedded systems diploma/imt es diploma/00-tools/03-imt sdk/03- imt sdk/imt_sdk_win_64/imt_sdk_win_64/winavr/bin/../lib/gcc/avr/4.3.3/avr5\libgcc.a(_thenan_sf.o)
 .debug_str     0x0000028a       0x21 d:/embedded systems diploma/imt es diploma/00-tools/03-imt sdk/03- imt sdk/imt_sdk_win_64/imt_sdk_win_64/winavr/bin/../lib/gcc/avr/4.3.3/avr5\libgcc.a(_usi_to_sf.o)
                                0x177 (size before relaxing)
 .debug_str     0x000002ab       0x20 d:/embedded systems diploma/imt es diploma/00-tools/03-imt sdk/03- imt sdk/imt_sdk_win_64/imt_sdk_win_64/winavr/bin/../lib/gcc/avr/4.3.3/avr5\libgcc.a(_clzsi2.o)
                                0x111 (size before relaxing)
 .debug_str     0x000002cb       0x10 d:/embedded systems diploma/imt es diploma/00-tools/03-imt sdk/03- imt sdk/imt_sdk_win_64/imt_sdk_win_64/winavr/bin/../lib/gcc/avr/4.3.3/avr5\libgcc.a(_pack_sf.o)
                                0x19d (size before relaxing)
 .debug_str     0x000002db        0xb d:/embedded systems diploma/imt es diploma/00-tools/03-imt sdk/03- imt sdk/imt_sdk_win_64/imt_sdk_win_64/winavr/bin/../lib/gcc/avr/4.3.3/avr5\libgcc.a(_unpack_sf.o)
                                0x17f (size before relaxing)
 .debug_str     0x000002e6       0x10 d:/embedded systems diploma/imt es diploma/00-tools/03-imt sdk/03- imt sdk/imt_sdk_win_64/imt_sdk_win_64/winavr/bin/../lib/gcc/avr/4.3.3/avr5\libgcc.a(_fpcmp_parts_sf.o)
                                0x163 (size before relaxing)
 .debug_str     0x00000000       0xf4 d:/embedded systems diploma/imt es diploma/00-tools/03-imt sdk/03- imt sdk/imt_sdk_win_64/imt_sdk_win_64/winavr/bin/../lib/gcc/avr/4.3.3/avr5\libgcc.a(_clz.o)

.debug_loc      0x00000000      0x96e
 *(.debug_loc)
 .debug_loc     0x00000000       0x34 d:/embedded systems diploma/imt es diploma/00-tools/03-imt sdk/03- imt sdk/imt_sdk_win_64/imt_sdk_win_64/winavr/bin/../lib/gcc/avr/4.3.3/avr5\libgcc.a(_fixunssfsi.o)
 .debug_loc     0x00000034      0x32a d:/embedded systems diploma/imt es diploma/00-tools/03-imt sdk/03- imt sdk/imt_sdk_win_64/imt_sdk_win_64/winavr/bin/../lib/gcc/avr/4.3.3/avr5\libgcc.a(_addsub_sf.o)
 .debug_loc     0x0000035e      0x104 d:/embedded systems diploma/imt es diploma/00-tools/03-imt sdk/03- imt sdk/imt_sdk_win_64/imt_sdk_win_64/winavr/bin/../lib/gcc/avr/4.3.3/avr5\libgcc.a(_mul_sf.o)
 .debug_loc     0x00000462       0xc0 d:/embedded systems diploma/imt es diploma/00-tools/03-imt sdk/03- imt sdk/imt_sdk_win_64/imt_sdk_win_64/winavr/bin/../lib/gcc/avr/4.3.3/avr5\libgcc.a(_div_sf.o)
 .debug_loc     0x00000522       0x3c d:/embedded systems diploma/imt es diploma/00-tools/03-imt sdk/03- imt sdk/imt_sdk_win_64/imt_sdk_win_64/winavr/bin/../lib/gcc/avr/4.3.3/avr5\libgcc.a(_gt_sf.o)
 .debug_loc     0x0000055e       0x3c d:/embedded systems diploma/imt es diploma/00-tools/03-imt sdk/03- imt sdk/imt_sdk_win_64/imt_sdk_win_64/winavr/bin/../lib/gcc/avr/4.3.3/avr5\libgcc.a(_ge_sf.o)
 .debug_loc     0x0000059a       0x3c d:/embedded systems diploma/imt es diploma/00-tools/03-imt sdk/03- imt sdk/imt_sdk_win_64/imt_sdk_win_64/winavr/bin/../lib/gcc/avr/4.3.3/avr5\libgcc.a(_lt_sf.o)
 .debug_loc     0x000005d6       0x7e d:/embedded systems diploma/imt es diploma/00-tools/03-imt sdk/03- imt sdk/imt_sdk_win_64/imt_sdk_win_64/winavr/bin/../lib/gcc/avr/4.3.3/avr5\libgcc.a(_sf_to_si.o)
 .debug_loc     0x00000654       0x4c d:/embedded systems diploma/imt es diploma/00-tools/03-imt sdk/03- imt sdk/imt_sdk_win_64/imt_sdk_win_64/winavr/bin/../lib/gcc/avr/4.3.3/avr5\libgcc.a(_usi_to_sf.o)
 .debug_loc     0x000006a0       0x94 d:/embedded systems diploma/imt es diploma/00-tools/03-imt sdk/03- imt sdk/imt_sdk_win_64/imt_sdk_win_64/winavr/bin/../lib/gcc/avr/4.3.3/avr5\libgcc.a(_clzsi2.o)
 .debug_loc     0x00000734      0x13e d:/embedded systems diploma/imt es diploma/00-tools/03-imt sdk/03- imt sdk/imt_sdk_win_64/imt_sdk_win_64/winavr/bin/../lib/gcc/avr/4.3.3/avr5\libgcc.a(_pack_sf.o)
 .debug_loc     0x00000872       0xac d:/embedded systems diploma/imt es diploma/00-tools/03-imt sdk/03- imt sdk/imt_sdk_win_64/imt_sdk_win_64/winavr/bin/../lib/gcc/avr/4.3.3/avr5\libgcc.a(_unpack_sf.o)
 .debug_loc     0x0000091e       0x50 d:/embedded systems diploma/imt es diploma/00-tools/03-imt sdk/03- imt sdk/imt_sdk_win_64/imt_sdk_win_64/winavr/bin/../lib/gcc/avr/4.3.3/avr5\libgcc.a(_fpcmp_parts_sf.o)

.debug_macinfo
 *(.debug_macinfo)
OUTPUT(Temperature-Control-System.elf elf32-avr)
LOAD linker stubs

.debug_ranges   0x00000000       0x50
 .debug_ranges  0x00000000       0x50 d:/embedded systems diploma/imt es diploma/00-tools/03-imt sdk/03- imt sdk/imt_sdk_win_64/imt_sdk_win_64/winavr/bin/../lib/gcc/avr/4.3.3/avr5\libgcc.a(_mul_sf.o)
